// Jest Snapshot v1, https://goo.gl/fbAQLP

exports[`build-time-log should group commits 1`] = `
Map {
  "2020-12-03T23:00:00.000Z" => Object {
    "commits": Array [
      Object {
        "author_email": "email@example.com",
        "author_name": "Thomas Farla",
        "authored_date": "2020-12-04T07:32:10.000+01:00",
        "committed_date": "2020-12-04T07:32:10.000+01:00",
        "committer_email": "email@example.com",
        "committer_name": "Thomas Farla",
        "created_at": "2020-12-04T07:32:10.000+01:00",
        "id": "6a672d339456554ae491f93c342b5c2e0f41c631",
        "message": "Setup project #1+1h
",
        "parent_ids": Array [
          "1a95648880a2b7b7710d02dcc570b4fe76b6836e",
        ],
        "short_id": "6a672d33",
        "title": "Setup project #1+1h",
        "web_url": "https://gitlab.com/TFarla/gitlab-stats/-/commit/6a672d339456554ae491f93c342b5c2e0f41c631",
      },
      Object {
        "author_email": "email@example.com",
        "author_name": "Thomas Farla",
        "authored_date": "2020-12-04T08:08:31.000+01:00",
        "committed_date": "2020-12-04T08:08:31.000+01:00",
        "committer_email": "email@example.com",
        "committer_name": "Thomas Farla",
        "created_at": "2020-12-04T08:08:31.000+01:00",
        "id": "d7b8832f4b8af542991069c2f2e3df52b104a072",
        "message": "Add whiteline to readme #2+1h
",
        "parent_ids": Array [
          "6a672d339456554ae491f93c342b5c2e0f41c631",
        ],
        "short_id": "d7b8832f",
        "title": "Add whiteline to readme #2+1h",
        "web_url": "https://gitlab.com/TFarla/gitlab-stats/-/commit/d7b8832f4b8af542991069c2f2e3df52b104a072",
      },
      Object {
        "author_email": "email@example.com",
        "author_name": "Thomas Farla",
        "authored_date": "2020-12-04T08:15:30.000+01:00",
        "committed_date": "2020-12-04T08:15:30.000+01:00",
        "committer_email": "email@example.com",
        "committer_name": "Thomas Farla",
        "created_at": "2020-12-04T08:15:30.000+01:00",
        "id": "a1ab41eb6a23ecbdcac28b943ddac99fd9037fce",
        "message": "Remove newline #2+1h
",
        "parent_ids": Array [
          "d7b8832f4b8af542991069c2f2e3df52b104a072",
        ],
        "short_id": "a1ab41eb",
        "title": "Remove newline #2+1h",
        "web_url": "https://gitlab.com/TFarla/gitlab-stats/-/commit/a1ab41eb6a23ecbdcac28b943ddac99fd9037fce",
      },
      Object {
        "author_email": "email@example.com",
        "author_name": "Thomas Farla",
        "authored_date": "2020-12-04T08:16:02.000+01:00",
        "committed_date": "2020-12-04T08:16:02.000+01:00",
        "committer_email": "email@example.com",
        "committer_name": "Thomas Farla",
        "created_at": "2020-12-04T08:16:02.000+01:00",
        "id": "98a53de677f1a23186dac0b979564659b121218e",
        "message": "Add newline #2+1h
",
        "parent_ids": Array [
          "a1ab41eb6a23ecbdcac28b943ddac99fd9037fce",
        ],
        "short_id": "98a53de6",
        "title": "Add newline #2+1h",
        "web_url": "https://gitlab.com/TFarla/gitlab-stats/-/commit/98a53de677f1a23186dac0b979564659b121218e",
      },
      Object {
        "author_email": "email@example.com",
        "author_name": "Thomas Farla",
        "authored_date": "2020-12-04T14:55:00.000+01:00",
        "committed_date": "2020-12-04T14:55:00.000+01:00",
        "committer_email": "email@example.com",
        "committer_name": "Thomas Farla",
        "created_at": "2020-12-04T14:55:00.000+01:00",
        "id": "bf45d20b4a06ac415187fdf7c91d33fd5a714e58",
        "message": "Fetch commits and issues from gitlab #2+4h
",
        "parent_ids": Array [
          "6a672d339456554ae491f93c342b5c2e0f41c631",
        ],
        "short_id": "bf45d20b",
        "title": "Fetch commits and issues from gitlab #2+4h",
        "web_url": "https://gitlab.com/TFarla/gitlab-stats/-/commit/bf45d20b4a06ac415187fdf7c91d33fd5a714e58",
      },
      Object {
        "author_email": "email@example.com",
        "author_name": "Thomas Farla",
        "authored_date": "2020-12-04T15:45:06.000+01:00",
        "committed_date": "2020-12-04T15:45:06.000+01:00",
        "committer_email": "email@example.com",
        "committer_name": "Thomas Farla",
        "created_at": "2020-12-04T15:45:06.000+01:00",
        "id": "22edd3fced215e8b4a17eb996c0f9ee7c7f48c05",
        "message": "Add commit heatmap #2+1h
",
        "parent_ids": Array [
          "bf45d20b4a06ac415187fdf7c91d33fd5a714e58",
        ],
        "short_id": "22edd3fc",
        "title": "Add commit heatmap #2+1h",
        "web_url": "https://gitlab.com/TFarla/gitlab-stats/-/commit/22edd3fced215e8b4a17eb996c0f9ee7c7f48c05",
      },
      Object {
        "author_email": "email@example.com",
        "author_name": "Thomas Farla",
        "authored_date": "2020-12-04T17:06:06.000+01:00",
        "committed_date": "2020-12-04T17:06:06.000+01:00",
        "committer_email": "email@example.com",
        "committer_name": "Thomas Farla",
        "created_at": "2020-12-04T17:06:06.000+01:00",
        "id": "4d6ab3be33590e33a28fb542f30aa99bc419587d",
        "message": "Add project picker #3+1h
",
        "parent_ids": Array [
          "22edd3fced215e8b4a17eb996c0f9ee7c7f48c05",
        ],
        "short_id": "4d6ab3be",
        "title": "Add project picker #3+1h",
        "web_url": "https://gitlab.com/TFarla/gitlab-stats/-/commit/4d6ab3be33590e33a28fb542f30aa99bc419587d",
      },
    ],
    "day": 2020-12-03T23:00:00.000Z,
    "tasks": Array [
      Object {
        "issue": 1,
        "message": "Setup project #1+1h
",
        "sha": "6a672d339456554ae491f93c342b5c2e0f41c631",
        "totalTimeInMinutes": 60,
      },
      Object {
        "issue": 2,
        "message": "Add whiteline to readme #2+1h
",
        "sha": "d7b8832f4b8af542991069c2f2e3df52b104a072",
        "totalTimeInMinutes": 60,
      },
      Object {
        "issue": 2,
        "message": "Remove newline #2+1h
",
        "sha": "a1ab41eb6a23ecbdcac28b943ddac99fd9037fce",
        "totalTimeInMinutes": 60,
      },
      Object {
        "issue": 2,
        "message": "Add newline #2+1h
",
        "sha": "98a53de677f1a23186dac0b979564659b121218e",
        "totalTimeInMinutes": 60,
      },
      Object {
        "issue": 2,
        "message": "Fetch commits and issues from gitlab #2+4h
",
        "sha": "bf45d20b4a06ac415187fdf7c91d33fd5a714e58",
        "totalTimeInMinutes": 240,
      },
      Object {
        "issue": 2,
        "message": "Add commit heatmap #2+1h
",
        "sha": "22edd3fced215e8b4a17eb996c0f9ee7c7f48c05",
        "totalTimeInMinutes": 60,
      },
      Object {
        "issue": 3,
        "message": "Add project picker #3+1h
",
        "sha": "4d6ab3be33590e33a28fb542f30aa99bc419587d",
        "totalTimeInMinutes": 60,
      },
    ],
  },
}
`;
